-- The C compiler identification is GNU 11.4.0
-- The CXX compiler identification is GNU 11.4.0
-- Detecting C compiler ABI info
-- Detecting C compiler ABI info - done
-- Check for working C compiler: /usr/bin/cc - skipped
-- Detecting C compile features
-- Detecting C compile features - done
-- Detecting CXX compiler ABI info
-- Detecting CXX compiler ABI info - done
-- Check for working CXX compiler: /usr/bin/c++ - skipped
-- Detecting CXX compile features
-- Detecting CXX compile features - done
-- Found ament_cmake: 1.3.5 (/opt/ros/humble/share/ament_cmake/cmake)
-- Found Python3: /usr/bin/python3.10 (found version "3.10.12") found components: Interpreter 
-- Found ament_lint_auto: 0.12.8 (/opt/ros/humble/share/ament_lint_auto/cmake)
-- Added test 'cppcheck' to perform static code analysis on C / C++ code
-- Configured cppcheck include dirs: 
-- Configured cppcheck exclude dirs and/or files: 
-- Added test 'flake8' to check Python code syntax and style conventions
-- Added test 'lint_cmake' to check CMake code style
-- Added test 'pep257' to check Python code against some of the docstring style conventions in PEP 257
-- Added test 'uncrustify' to check C / C++ code style
-- Configured uncrustify additional arguments: 
-- Added test 'xmllint' to check XML markup files
-- Configuring done
-- Generating done
-- Build files have been written to: /root/ws/musical_instruments/build/musical_instruments
-- Install configuration: ""
-- Installing: /root/ws/musical_instruments/install/musical_instruments/share/ament_index/resource_index/package_run_dependencies/musical_instruments
-- Installing: /root/ws/musical_instruments/install/musical_instruments/share/ament_index/resource_index/parent_prefix_path/musical_instruments
-- Installing: /root/ws/musical_instruments/install/musical_instruments/share/musical_instruments/environment/ament_prefix_path.sh
-- Installing: /root/ws/musical_instruments/install/musical_instruments/share/musical_instruments/environment/ament_prefix_path.dsv
-- Installing: /root/ws/musical_instruments/install/musical_instruments/share/musical_instruments/environment/path.sh
-- Installing: /root/ws/musical_instruments/install/musical_instruments/share/musical_instruments/environment/path.dsv
-- Installing: /root/ws/musical_instruments/install/musical_instruments/share/musical_instruments/local_setup.bash
-- Installing: /root/ws/musical_instruments/install/musical_instruments/share/musical_instruments/local_setup.sh
-- Installing: /root/ws/musical_instruments/install/musical_instruments/share/musical_instruments/local_setup.zsh
-- Installing: /root/ws/musical_instruments/install/musical_instruments/share/musical_instruments/local_setup.dsv
-- Installing: /root/ws/musical_instruments/install/musical_instruments/share/musical_instruments/package.dsv
-- Installing: /root/ws/musical_instruments/install/musical_instruments/share/ament_index/resource_index/packages/musical_instruments
-- Installing: /root/ws/musical_instruments/install/musical_instruments/share/musical_instruments/cmake/musical_instrumentsConfig.cmake
-- Installing: /root/ws/musical_instruments/install/musical_instruments/share/musical_instruments/cmake/musical_instrumentsConfig-version.cmake
-- Installing: /root/ws/musical_instruments/install/musical_instruments/share/musical_instruments/package.xml
