[0.029s] Invoking command in '/root/ws/musical_instruments/build/musical_instruments': CMAKE_PREFIX_PATH=/opt/ros/humble /usr/bin/cmake /root/ws/musical_instruments -DCMAKE_INSTALL_PREFIX=/root/ws/musical_instruments/install/musical_instruments
[0.171s] -- The C compiler identification is GNU 11.4.0
[0.356s] -- The CXX compiler identification is GNU 11.4.0
[0.365s] -- Detecting C compiler ABI info
[0.427s] -- Detecting C compiler ABI info - done
[0.435s] -- Check for working C compiler: /usr/bin/cc - skipped
[0.436s] -- Detecting C compile features
[0.437s] -- Detecting C compile features - done
[0.441s] -- Detecting CXX compiler ABI info
[0.520s] -- Detecting CXX compiler ABI info - done
[0.528s] -- Check for working CXX compiler: /usr/bin/c++ - skipped
[0.528s] -- Detecting CXX compile features
[0.528s] -- Detecting CXX compile features - done
[0.531s] -- Found ament_cmake: 1.3.5 (/opt/ros/humble/share/ament_cmake/cmake)
[0.640s] -- Found Python3: /usr/bin/python3.10 (found version "3.10.12") found components: Interpreter 
[0.719s] -- Found ament_lint_auto: 0.12.8 (/opt/ros/humble/share/ament_lint_auto/cmake)
[0.787s] -- Added test 'cppcheck' to perform static code analysis on C / C++ code
[0.787s] -- Configured cppcheck include dirs: 
[0.787s] -- Configured cppcheck exclude dirs and/or files: 
[0.788s] -- Added test 'flake8' to check Python code syntax and style conventions
[0.790s] -- Added test 'lint_cmake' to check CMake code style
[0.791s] -- Added test 'pep257' to check Python code against some of the docstring style conventions in PEP 257
[0.797s] -- Added test 'uncrustify' to check C / C++ code style
[0.798s] -- Configured uncrustify additional arguments: 
[0.799s] -- Added test 'xmllint' to check XML markup files
[0.800s] -- Configuring done
[0.803s] -- Generating done
[0.803s] -- Build files have been written to: /root/ws/musical_instruments/build/musical_instruments
[0.808s] Invoked command in '/root/ws/musical_instruments/build/musical_instruments' returned '0': CMAKE_PREFIX_PATH=/opt/ros/humble /usr/bin/cmake /root/ws/musical_instruments -DCMAKE_INSTALL_PREFIX=/root/ws/musical_instruments/install/musical_instruments
[0.808s] Invoking command in '/root/ws/musical_instruments/build/musical_instruments': CMAKE_PREFIX_PATH=/opt/ros/humble /usr/bin/cmake --build /root/ws/musical_instruments/build/musical_instruments -- -j12 -l12
[0.833s] Invoked command in '/root/ws/musical_instruments/build/musical_instruments' returned '0': CMAKE_PREFIX_PATH=/opt/ros/humble /usr/bin/cmake --build /root/ws/musical_instruments/build/musical_instruments -- -j12 -l12
[0.855s] Invoking command in '/root/ws/musical_instruments/build/musical_instruments': CMAKE_PREFIX_PATH=/opt/ros/humble /usr/bin/cmake --install /root/ws/musical_instruments/build/musical_instruments
[0.860s] -- Install configuration: ""
[0.860s] -- Installing: /root/ws/musical_instruments/install/musical_instruments/share/ament_index/resource_index/package_run_dependencies/musical_instruments
[0.860s] -- Installing: /root/ws/musical_instruments/install/musical_instruments/share/ament_index/resource_index/parent_prefix_path/musical_instruments
[0.861s] -- Installing: /root/ws/musical_instruments/install/musical_instruments/share/musical_instruments/environment/ament_prefix_path.sh
[0.861s] -- Installing: /root/ws/musical_instruments/install/musical_instruments/share/musical_instruments/environment/ament_prefix_path.dsv
[0.861s] -- Installing: /root/ws/musical_instruments/install/musical_instruments/share/musical_instruments/environment/path.sh
[0.861s] -- Installing: /root/ws/musical_instruments/install/musical_instruments/share/musical_instruments/environment/path.dsv
[0.861s] -- Installing: /root/ws/musical_instruments/install/musical_instruments/share/musical_instruments/local_setup.bash
[0.861s] -- Installing: /root/ws/musical_instruments/install/musical_instruments/share/musical_instruments/local_setup.sh
[0.861s] -- Installing: /root/ws/musical_instruments/install/musical_instruments/share/musical_instruments/local_setup.zsh
[0.861s] -- Installing: /root/ws/musical_instruments/install/musical_instruments/share/musical_instruments/local_setup.dsv
[0.861s] -- Installing: /root/ws/musical_instruments/install/musical_instruments/share/musical_instruments/package.dsv
[0.862s] -- Installing: /root/ws/musical_instruments/install/musical_instruments/share/ament_index/resource_index/packages/musical_instruments
[0.862s] -- Installing: /root/ws/musical_instruments/install/musical_instruments/share/musical_instruments/cmake/musical_instrumentsConfig.cmake
[0.862s] -- Installing: /root/ws/musical_instruments/install/musical_instruments/share/musical_instruments/cmake/musical_instrumentsConfig-version.cmake
[0.862s] -- Installing: /root/ws/musical_instruments/install/musical_instruments/share/musical_instruments/package.xml
[0.863s] Invoked command in '/root/ws/musical_instruments/build/musical_instruments' returned '0': CMAKE_PREFIX_PATH=/opt/ros/humble /usr/bin/cmake --install /root/ws/musical_instruments/build/musical_instruments
