[0.738s] DEBUG:colcon:Command line arguments: ['/usr/bin/colcon', 'build']
[0.738s] DEBUG:colcon:Parsed command line arguments: Namespace(log_base=None, log_level=None, verb_name='build', build_base='build', install_base='install', merge_install=False, symlink_install=False, test_result_base=None, continue_on_error=False, executor='parallel', parallel_workers=12, event_handlers=None, ignore_user_meta=False, metas=['./colcon.meta'], base_paths=['.'], packages_ignore=None, packages_ignore_regex=None, paths=None, packages_up_to=None, packages_up_to_regex=None, packages_above=None, packages_above_and_dependencies=None, packages_above_depth=None, packages_select_by_dep=None, packages_skip_by_dep=None, packages_skip_up_to=None, packages_select_build_failed=False, packages_skip_build_finished=False, packages_select_test_failures=False, packages_skip_test_passed=False, packages_select=None, packages_skip=None, packages_select_regex=None, packages_skip_regex=None, packages_start=None, packages_end=None, cmake_args=None, cmake_target=None, cmake_target_skip_unavailable=False, cmake_clean_cache=False, cmake_clean_first=False, cmake_force_configure=False, ament_cmake_args=None, catkin_cmake_args=None, catkin_skip_building_tests=False, mixin_files=None, mixin=None, verb_parser=<colcon_mixin.mixin.mixin_argument.MixinArgumentDecorator object at 0x7f362fc5d8a0>, verb_extension=<colcon_core.verb.build.BuildVerb object at 0x7f362ff42fb0>, main=<bound method BuildVerb.main of <colcon_core.verb.build.BuildVerb object at 0x7f362ff42fb0>>, mixin_verb=('build',))
[0.770s] Level 1:colcon.colcon_core.package_discovery:discover_packages(colcon_meta) check parameters
[0.770s] INFO:colcon.colcon_metadata.package_discovery.colcon_meta:Using configuration from '/root/.colcon/metadata/default/Gazebo.meta'
[0.771s] INFO:colcon.colcon_metadata.package_discovery.colcon_meta:Using configuration from '/root/.colcon/metadata/default/fastrtps.meta'
[0.771s] Level 1:colcon.colcon_core.package_discovery:discover_packages(recursive) check parameters
[0.771s] Level 1:colcon.colcon_core.package_discovery:discover_packages(ignore) check parameters
[0.771s] Level 1:colcon.colcon_core.package_discovery:discover_packages(path) check parameters
[0.771s] Level 1:colcon.colcon_core.package_discovery:discover_packages(colcon_meta) discover
[0.771s] Level 1:colcon.colcon_core.package_discovery:discover_packages(recursive) discover
[0.771s] INFO:colcon.colcon_core.package_discovery:Crawling recursively for packages in '/root/ws/musical_instruments'
[0.771s] Level 1:colcon.colcon_core.package_identification:_identify(.) by extensions ['ignore', 'ignore_ament_install']
[0.771s] Level 1:colcon.colcon_core.package_identification:_identify(.) by extension 'ignore'
[0.771s] Level 1:colcon.colcon_core.package_identification:_identify(.) by extension 'ignore_ament_install'
[0.771s] Level 1:colcon.colcon_core.package_identification:_identify(.) by extensions ['colcon_pkg']
[0.771s] Level 1:colcon.colcon_core.package_identification:_identify(.) by extension 'colcon_pkg'
[0.771s] Level 1:colcon.colcon_core.package_identification:_identify(.) by extensions ['colcon_meta']
[0.771s] Level 1:colcon.colcon_core.package_identification:_identify(.) by extension 'colcon_meta'
[0.771s] Level 1:colcon.colcon_core.package_identification:_identify(.) by extensions ['ros']
[0.771s] Level 1:colcon.colcon_core.package_identification:_identify(.) by extension 'ros'
[0.785s] DEBUG:colcon.colcon_core.package_identification:Package '.' with type 'ros.ament_cmake' and name 'musical_instruments'
[0.785s] Level 1:colcon.colcon_core.package_discovery:discover_packages(recursive) using defaults
[0.785s] Level 1:colcon.colcon_core.package_discovery:discover_packages(ignore) discover
[0.785s] Level 1:colcon.colcon_core.package_discovery:discover_packages(ignore) using defaults
[0.785s] Level 1:colcon.colcon_core.package_discovery:discover_packages(path) discover
[0.785s] Level 1:colcon.colcon_core.package_discovery:discover_packages(path) using defaults
[0.832s] Level 5:colcon.colcon_core.verb:set package 'musical_instruments' build argument 'cmake_args' from command line to 'None'
[0.832s] Level 5:colcon.colcon_core.verb:set package 'musical_instruments' build argument 'cmake_target' from command line to 'None'
[0.832s] Level 5:colcon.colcon_core.verb:set package 'musical_instruments' build argument 'cmake_target_skip_unavailable' from command line to 'False'
[0.832s] Level 5:colcon.colcon_core.verb:set package 'musical_instruments' build argument 'cmake_clean_cache' from command line to 'False'
[0.832s] Level 5:colcon.colcon_core.verb:set package 'musical_instruments' build argument 'cmake_clean_first' from command line to 'False'
[0.832s] Level 5:colcon.colcon_core.verb:set package 'musical_instruments' build argument 'cmake_force_configure' from command line to 'False'
[0.832s] Level 5:colcon.colcon_core.verb:set package 'musical_instruments' build argument 'ament_cmake_args' from command line to 'None'
[0.832s] Level 5:colcon.colcon_core.verb:set package 'musical_instruments' build argument 'catkin_cmake_args' from command line to 'None'
[0.832s] Level 5:colcon.colcon_core.verb:set package 'musical_instruments' build argument 'catkin_skip_building_tests' from command line to 'False'
[0.832s] DEBUG:colcon.colcon_core.verb:Building package 'musical_instruments' with the following arguments: {'ament_cmake_args': None, 'build_base': '/root/ws/musical_instruments/build/musical_instruments', 'catkin_cmake_args': None, 'catkin_skip_building_tests': False, 'cmake_args': None, 'cmake_clean_cache': False, 'cmake_clean_first': False, 'cmake_force_configure': False, 'cmake_target': None, 'cmake_target_skip_unavailable': False, 'install_base': '/root/ws/musical_instruments/install/musical_instruments', 'merge_install': False, 'path': '/root/ws/musical_instruments', 'symlink_install': False, 'test_result_base': None}
[0.840s] INFO:colcon.colcon_core.executor:Executing jobs using 'parallel' executor
[0.848s] DEBUG:colcon.colcon_parallel_executor.executor.parallel:run_until_complete
[0.848s] INFO:colcon.colcon_ros.task.ament_cmake.build:Building ROS package in '/root/ws/musical_instruments' with build type 'ament_cmake'
[0.848s] INFO:colcon.colcon_cmake.task.cmake.build:Building CMake package in '/root/ws/musical_instruments'
[0.858s] INFO:colcon.colcon_core.plugin_system:Skipping extension 'colcon_core.shell.bat': Not used on non-Windows systems
[0.858s] INFO:colcon.colcon_core.shell:Skip shell extension 'powershell' for command environment: Not usable outside of PowerShell
[0.858s] DEBUG:colcon.colcon_core.shell:Skip shell extension 'dsv' for command environment
[0.883s] DEBUG:colcon.colcon_core.event_handler.log_command:Invoking command in '/root/ws/musical_instruments/build/musical_instruments': CMAKE_PREFIX_PATH=/opt/ros/humble /usr/bin/cmake --build /root/ws/musical_instruments/build/musical_instruments -- -j12 -l12
[0.911s] DEBUG:colcon.colcon_core.event_handler.log_command:Invoked command in '/root/ws/musical_instruments/build/musical_instruments' returned '0': CMAKE_PREFIX_PATH=/opt/ros/humble /usr/bin/cmake --build /root/ws/musical_instruments/build/musical_instruments -- -j12 -l12
[0.934s] DEBUG:colcon.colcon_core.event_handler.log_command:Invoking command in '/root/ws/musical_instruments/build/musical_instruments': CMAKE_PREFIX_PATH=/opt/ros/humble /usr/bin/cmake --install /root/ws/musical_instruments/build/musical_instruments
[0.941s] Level 1:colcon.colcon_core.environment:create_environment_scripts_only(musical_instruments)
[0.941s] DEBUG:colcon.colcon_core.event_handler.log_command:Invoked command in '/root/ws/musical_instruments/build/musical_instruments' returned '0': CMAKE_PREFIX_PATH=/opt/ros/humble /usr/bin/cmake --install /root/ws/musical_instruments/build/musical_instruments
[0.952s] Level 1:colcon.colcon_core.environment:checking '/root/ws/musical_instruments/install/musical_instruments' for CMake module files
[0.952s] Level 1:colcon.colcon_core.environment:checking '/root/ws/musical_instruments/install/musical_instruments' for CMake config files
[0.952s] Level 1:colcon.colcon_core.shell:create_environment_hook('musical_instruments', 'cmake_prefix_path')
[0.960s] INFO:colcon.colcon_core.shell:Creating environment hook '/root/ws/musical_instruments/install/musical_instruments/share/musical_instruments/hook/cmake_prefix_path.ps1'
[0.960s] INFO:colcon.colcon_core.shell:Creating environment descriptor '/root/ws/musical_instruments/install/musical_instruments/share/musical_instruments/hook/cmake_prefix_path.dsv'
[0.961s] INFO:colcon.colcon_core.shell:Creating environment hook '/root/ws/musical_instruments/install/musical_instruments/share/musical_instruments/hook/cmake_prefix_path.sh'
[0.961s] Level 1:colcon.colcon_core.environment:checking '/root/ws/musical_instruments/install/musical_instruments/bin'
[0.961s] Level 1:colcon.colcon_core.environment:checking '/root/ws/musical_instruments/install/musical_instruments/lib/pkgconfig/musical_instruments.pc'
[0.963s] Level 1:colcon.colcon_core.environment:checking '/root/ws/musical_instruments/install/musical_instruments/lib/python3.10/site-packages'
[0.963s] Level 1:colcon.colcon_core.environment:checking '/root/ws/musical_instruments/install/musical_instruments/bin'
[0.971s] INFO:colcon.colcon_core.shell:Creating package script '/root/ws/musical_instruments/install/musical_instruments/share/musical_instruments/package.ps1'
[0.972s] INFO:colcon.colcon_core.shell:Creating package descriptor '/root/ws/musical_instruments/install/musical_instruments/share/musical_instruments/package.dsv'
[0.972s] INFO:colcon.colcon_core.shell:Creating package script '/root/ws/musical_instruments/install/musical_instruments/share/musical_instruments/package.sh'
[0.973s] INFO:colcon.colcon_core.shell:Creating package script '/root/ws/musical_instruments/install/musical_instruments/share/musical_instruments/package.bash'
[0.973s] INFO:colcon.colcon_core.shell:Creating package script '/root/ws/musical_instruments/install/musical_instruments/share/musical_instruments/package.zsh'
[0.973s] Level 1:colcon.colcon_core.environment:create_file_with_runtime_dependencies(/root/ws/musical_instruments/install/musical_instruments/share/colcon-core/packages/musical_instruments)
[0.999s] Level 1:colcon.colcon_core.environment:create_environment_scripts_only(musical_instruments)
[1.007s] Level 1:colcon.colcon_core.environment:checking '/root/ws/musical_instruments/install/musical_instruments' for CMake module files
[1.007s] Level 1:colcon.colcon_core.environment:checking '/root/ws/musical_instruments/install/musical_instruments' for CMake config files
[1.008s] Level 1:colcon.colcon_core.shell:create_environment_hook('musical_instruments', 'cmake_prefix_path')
[1.015s] INFO:colcon.colcon_core.shell:Creating environment hook '/root/ws/musical_instruments/install/musical_instruments/share/musical_instruments/hook/cmake_prefix_path.ps1'
[1.015s] INFO:colcon.colcon_core.shell:Creating environment descriptor '/root/ws/musical_instruments/install/musical_instruments/share/musical_instruments/hook/cmake_prefix_path.dsv'
[1.016s] INFO:colcon.colcon_core.shell:Creating environment hook '/root/ws/musical_instruments/install/musical_instruments/share/musical_instruments/hook/cmake_prefix_path.sh'
[1.016s] Level 1:colcon.colcon_core.environment:checking '/root/ws/musical_instruments/install/musical_instruments/bin'
[1.016s] Level 1:colcon.colcon_core.environment:checking '/root/ws/musical_instruments/install/musical_instruments/lib/pkgconfig/musical_instruments.pc'
[1.016s] Level 1:colcon.colcon_core.environment:checking '/root/ws/musical_instruments/install/musical_instruments/lib/python3.10/site-packages'
[1.016s] Level 1:colcon.colcon_core.environment:checking '/root/ws/musical_instruments/install/musical_instruments/bin'
[1.024s] INFO:colcon.colcon_core.shell:Creating package script '/root/ws/musical_instruments/install/musical_instruments/share/musical_instruments/package.ps1'
[1.025s] INFO:colcon.colcon_core.shell:Creating package descriptor '/root/ws/musical_instruments/install/musical_instruments/share/musical_instruments/package.dsv'
[1.025s] INFO:colcon.colcon_core.shell:Creating package script '/root/ws/musical_instruments/install/musical_instruments/share/musical_instruments/package.sh'
[1.025s] INFO:colcon.colcon_core.shell:Creating package script '/root/ws/musical_instruments/install/musical_instruments/share/musical_instruments/package.bash'
[1.026s] INFO:colcon.colcon_core.shell:Creating package script '/root/ws/musical_instruments/install/musical_instruments/share/musical_instruments/package.zsh'
[1.026s] Level 1:colcon.colcon_core.environment:create_file_with_runtime_dependencies(/root/ws/musical_instruments/install/musical_instruments/share/colcon-core/packages/musical_instruments)
[1.026s] DEBUG:colcon.colcon_parallel_executor.executor.parallel:closing loop
[1.026s] DEBUG:colcon.colcon_parallel_executor.executor.parallel:loop closed
[1.026s] DEBUG:colcon.colcon_parallel_executor.executor.parallel:run_until_complete finished with '0'
[1.027s] DEBUG:colcon.colcon_core.event_reactor:joining thread
[1.039s] INFO:colcon.colcon_core.plugin_system:Skipping extension 'colcon_notification.desktop_notification.notify_send': Could not find 'notify-send'
[1.039s] INFO:colcon.colcon_core.plugin_system:Skipping extension 'colcon_notification.desktop_notification.terminal_notifier': Not used on non-Darwin systems
[1.039s] INFO:colcon.colcon_core.plugin_system:Skipping extension 'colcon_notification.desktop_notification.win32': Not used on non-Windows systems
[1.039s] INFO:colcon.colcon_notification.desktop_notification:Sending desktop notification using 'notify2'
[1.041s] DEBUG:colcon.colcon_notification.desktop_notification.notify2:Failed to initialize notify2: org.freedesktop.DBus.Error.Spawn.ExecFailed: /usr/bin/dbus-launch terminated abnormally without any error message
[1.041s] DEBUG:colcon.colcon_core.event_reactor:joined thread
[1.050s] INFO:colcon.colcon_core.shell:Creating prefix script '/root/ws/musical_instruments/install/local_setup.ps1'
[1.051s] INFO:colcon.colcon_core.shell:Creating prefix util module '/root/ws/musical_instruments/install/_local_setup_util_ps1.py'
[1.052s] INFO:colcon.colcon_core.shell:Creating prefix chain script '/root/ws/musical_instruments/install/setup.ps1'
[1.062s] INFO:colcon.colcon_core.shell:Creating prefix script '/root/ws/musical_instruments/install/local_setup.sh'
[1.062s] INFO:colcon.colcon_core.shell:Creating prefix util module '/root/ws/musical_instruments/install/_local_setup_util_sh.py'
[1.063s] INFO:colcon.colcon_core.shell:Creating prefix chain script '/root/ws/musical_instruments/install/setup.sh'
[1.072s] INFO:colcon.colcon_core.shell:Creating prefix script '/root/ws/musical_instruments/install/local_setup.bash'
[1.072s] INFO:colcon.colcon_core.shell:Creating prefix chain script '/root/ws/musical_instruments/install/setup.bash'
[1.080s] INFO:colcon.colcon_core.shell:Creating prefix script '/root/ws/musical_instruments/install/local_setup.zsh'
[1.081s] INFO:colcon.colcon_core.shell:Creating prefix chain script '/root/ws/musical_instruments/install/setup.zsh'
