[0.031s] Invoking command in '/root/ws/musical_instruments/build/musical_instruments': CMAKE_PREFIX_PATH=/opt/ros/humble /usr/bin/cmake --build /root/ws/musical_instruments/build/musical_instruments -- -j12 -l12
[0.057s] Invoked command in '/root/ws/musical_instruments/build/musical_instruments' returned '0': CMAKE_PREFIX_PATH=/opt/ros/humble /usr/bin/cmake --build /root/ws/musical_instruments/build/musical_instruments -- -j12 -l12
[0.078s] Invoking command in '/root/ws/musical_instruments/build/musical_instruments': CMAKE_PREFIX_PATH=/opt/ros/humble /usr/bin/cmake --install /root/ws/musical_instruments/build/musical_instruments
[0.083s] -- Install configuration: ""
[0.083s] -- Up-to-date: /root/ws/musical_instruments/install/musical_instruments/share/ament_index/resource_index/package_run_dependencies/musical_instruments
[0.083s] -- Up-to-date: /root/ws/musical_instruments/install/musical_instruments/share/ament_index/resource_index/parent_prefix_path/musical_instruments
[0.083s] -- Up-to-date: /root/ws/musical_instruments/install/musical_instruments/share/musical_instruments/environment/ament_prefix_path.sh
[0.083s] -- Up-to-date: /root/ws/musical_instruments/install/musical_instruments/share/musical_instruments/environment/ament_prefix_path.dsv
[0.083s] -- Up-to-date: /root/ws/musical_instruments/install/musical_instruments/share/musical_instruments/environment/path.sh
[0.083s] -- Up-to-date: /root/ws/musical_instruments/install/musical_instruments/share/musical_instruments/environment/path.dsv
[0.083s] -- Up-to-date: /root/ws/musical_instruments/install/musical_instruments/share/musical_instruments/local_setup.bash
[0.083s] -- Up-to-date: /root/ws/musical_instruments/install/musical_instruments/share/musical_instruments/local_setup.sh
[0.083s] -- Up-to-date: /root/ws/musical_instruments/install/musical_instruments/share/musical_instruments/local_setup.zsh
[0.083s] -- Up-to-date: /root/ws/musical_instruments/install/musical_instruments/share/musical_instruments/local_setup.dsv
[0.083s] -- Up-to-date: /root/ws/musical_instruments/install/musical_instruments/share/musical_instruments/package.dsv
[0.083s] -- Up-to-date: /root/ws/musical_instruments/install/musical_instruments/share/ament_index/resource_index/packages/musical_instruments
[0.083s] -- Up-to-date: /root/ws/musical_instruments/install/musical_instruments/share/musical_instruments/cmake/musical_instrumentsConfig.cmake
[0.084s] -- Up-to-date: /root/ws/musical_instruments/install/musical_instruments/share/musical_instruments/cmake/musical_instrumentsConfig-version.cmake
[0.084s] -- Up-to-date: /root/ws/musical_instruments/install/musical_instruments/share/musical_instruments/package.xml
[0.084s] Invoked command in '/root/ws/musical_instruments/build/musical_instruments' returned '0': CMAKE_PREFIX_PATH=/opt/ros/humble /usr/bin/cmake --install /root/ws/musical_instruments/build/musical_instruments
